Archive member included to satisfy reference by file (symbol)

c:/program files (x86)/atmel/studio/7.0/toolchain/avr8/avr8-gnu-toolchain/bin/../lib/gcc/avr/5.4.0/avr35\libgcc.a(_udivmodsi4.o)
                              USBtoSerial.o (__udivmodsi4)
c:/program files (x86)/atmel/studio/7.0/toolchain/avr8/avr8-gnu-toolchain/bin/../lib/gcc/avr/5.4.0/avr35\libgcc.a(_exit.o)
                              C:/Program Files (x86)/Atmel/Studio/7.0/Packs/atmel/ATmega_DFP/1.2.132/gcc/dev/atmega16u2/avr35/crtatmega16u2.o (exit)
c:/program files (x86)/atmel/studio/7.0/toolchain/avr8/avr8-gnu-toolchain/bin/../lib/gcc/avr/5.4.0/avr35\libgcc.a(_copy_data.o)
                              src/LUFA/LUFA/Drivers/USB/Class/Device/CDCClassDevice.o (__do_copy_data)
c:/program files (x86)/atmel/studio/7.0/toolchain/avr8/avr8-gnu-toolchain/bin/../lib/gcc/avr/5.4.0/avr35\libgcc.a(_clear_bss.o)
                              src/LUFA/LUFA/Drivers/Peripheral/AVR8/Serial_AVR8.o (__do_clear_bss)
c:/program files (x86)/atmel/studio/7.0/toolchain/avr8/avr8-gnu-toolchain/bin/../lib/gcc/avr/5.4.0/../../../../avr/lib/avr35\libc.a(memcpy_P.o)
                              src/LUFA/LUFA/Drivers/USB/Class/Device/RNDISClassDevice.o (memcpy_P)
c:/program files (x86)/atmel/studio/7.0/toolchain/avr8/avr8-gnu-toolchain/bin/../lib/gcc/avr/5.4.0/../../../../avr/lib/avr35\libc.a(strlen_P.o)
                              src/LUFA/LUFA/Drivers/USB/Class/Device/CDCClassDevice.o (__strlen_P)
c:/program files (x86)/atmel/studio/7.0/toolchain/avr8/avr8-gnu-toolchain/bin/../lib/gcc/avr/5.4.0/../../../../avr/lib/avr35\libc.a(memcmp.o)
                              src/LUFA/LUFA/Drivers/USB/Class/Device/HIDClassDevice.o (memcmp)
c:/program files (x86)/atmel/studio/7.0/toolchain/avr8/avr8-gnu-toolchain/bin/../lib/gcc/avr/5.4.0/../../../../avr/lib/avr35\libc.a(memcpy.o)
                              src/LUFA/LUFA/Drivers/USB/Class/Device/HIDClassDevice.o (memcpy)
c:/program files (x86)/atmel/studio/7.0/toolchain/avr8/avr8-gnu-toolchain/bin/../lib/gcc/avr/5.4.0/../../../../avr/lib/avr35\libc.a(memset.o)
                              src/LUFA/LUFA/Drivers/USB/Class/Device/HIDClassDevice.o (memset)
c:/program files (x86)/atmel/studio/7.0/toolchain/avr8/avr8-gnu-toolchain/bin/../lib/gcc/avr/5.4.0/../../../../avr/lib/avr35\libc.a(iob.o)
                              src/LUFA/LUFA/Drivers/Peripheral/AVR8/Serial_AVR8.o (__iob)
C:/Program Files (x86)/Atmel/Studio/7.0/Packs/atmel/ATmega_DFP/1.2.132/gcc/dev/atmega16u2/avr35\libatmega16u2.a(eerd_byte.o)
                              src/LUFA/LUFA/Drivers/USB/Core/AVR8/EndpointStream_AVR8.o (eeprom_read_byte)
C:/Program Files (x86)/Atmel/Studio/7.0/Packs/atmel/ATmega_DFP/1.2.132/gcc/dev/atmega16u2/avr35\libatmega16u2.a(eeupd_byte.o)
                              src/LUFA/LUFA/Drivers/USB/Core/AVR8/EndpointStream_AVR8.o (eeprom_update_byte)

Allocating common symbols
Common symbol       size              file

USB_IsInitialized   0x1               src/LUFA/LUFA/Drivers/USB/Core/USBTask.o
USB_Device_ConfigurationNumber
                    0x1               src/LUFA/LUFA/Drivers/USB/Core/DeviceStandardReq.o
USB_Device_CurrentlySelfPowered
                    0x1               src/LUFA/LUFA/Drivers/USB/Core/DeviceStandardReq.o
USARTSerialStream   0xe               src/LUFA/LUFA/Drivers/Peripheral/AVR8/Serial_AVR8.o
USB_ControlRequest  0x8               src/LUFA/LUFA/Drivers/USB/Core/USBTask.o
USB_Device_RemoteWakeupEnabled
                    0x1               src/LUFA/LUFA/Drivers/USB/Core/DeviceStandardReq.o
__iob               0x6               c:/program files (x86)/atmel/studio/7.0/toolchain/avr8/avr8-gnu-toolchain/bin/../lib/gcc/avr/5.4.0/../../../../avr/lib/avr35\libc.a(iob.o)

Discarded input sections

 .data          0x00000000        0x0 C:/Program Files (x86)/Atmel/Studio/7.0/Packs/atmel/ATmega_DFP/1.2.132/gcc/dev/atmega16u2/avr35/crtatmega16u2.o
 .bss           0x00000000        0x0 C:/Program Files (x86)/Atmel/Studio/7.0/Packs/atmel/ATmega_DFP/1.2.132/gcc/dev/atmega16u2/avr35/crtatmega16u2.o
 .group         0x00000000        0x8 Descriptors.o
 .group         0x00000000        0x8 Descriptors.o
 .group         0x00000000        0x8 Descriptors.o
 .group         0x00000000        0x8 Descriptors.o
 .group         0x00000000        0x8 Descriptors.o
 .group         0x00000000        0x8 Descriptors.o
 .group         0x00000000        0x8 Descriptors.o
 .group         0x00000000        0x8 Descriptors.o
 .group         0x00000000        0x8 Descriptors.o
 .group         0x00000000        0x8 Descriptors.o
 .group         0x00000000        0x8 Descriptors.o
 .group         0x00000000        0x8 Descriptors.o
 .group         0x00000000        0x8 Descriptors.o
 .group         0x00000000        0x8 Descriptors.o
 .group         0x00000000        0x8 Descriptors.o
 .group         0x00000000        0x8 Descriptors.o
[...]
Memory Configuration

Name             Origin             Length             Attributes
text             0x00000000         0x00010000         xr
data             0x00800060         0x0000ffa0         rw !x
eeprom           0x00810000         0x00010000         rw !x
fuse             0x00820000         0x00000003         rw !x
lock             0x00830000         0x00000400         rw !x
signature        0x00840000         0x00000400         rw !x
user_signatures  0x00850000         0x00000400         rw !x
*default*        0x00000000         0xffffffff

Linker script and memory map

Address of section .data set to 0x800100
LOAD C:/Program Files (x86)/Atmel/Studio/7.0/Packs/atmel/ATmega_DFP/1.2.132/gcc/dev/atmega16u2/avr35/crtatmega16u2.o
LOAD Descriptors.o
LOAD src/LUFA/LUFA/Drivers/Peripheral/AVR8/Serial_AVR8.o
LOAD src/LUFA/LUFA/Drivers/USB/Class/Common/HIDParser.o
LOAD src/LUFA/LUFA/Drivers/USB/Class/Device/AudioClassDevice.o
LOAD src/LUFA/LUFA/Drivers/USB/Class/Device/CDCClassDevice.o
LOAD src/LUFA/LUFA/Drivers/USB/Class/Device/HIDClassDevice.o
LOAD src/LUFA/LUFA/Drivers/USB/Class/Device/MassStorageClassDevice.o
LOAD src/LUFA/LUFA/Drivers/USB/Class/Device/MIDIClassDevice.o
LOAD src/LUFA/LUFA/Drivers/USB/Class/Device/PrinterClassDevice.o
LOAD src/LUFA/LUFA/Drivers/USB/Class/Device/RNDISClassDevice.o
LOAD src/LUFA/LUFA/Drivers/USB/Class/Host/AndroidAccessoryClassHost.o
LOAD src/LUFA/LUFA/Drivers/USB/Class/Host/AudioClassHost.o
LOAD src/LUFA/LUFA/Drivers/USB/Class/Host/CDCClassHost.o
LOAD src/LUFA/LUFA/Drivers/USB/Class/Host/HIDClassHost.o
LOAD src/LUFA/LUFA/Drivers/USB/Class/Host/MassStorageClassHost.o
LOAD src/LUFA/LUFA/Drivers/USB/Class/Host/MIDIClassHost.o
LOAD src/LUFA/LUFA/Drivers/USB/Class/Host/PrinterClassHost.o
LOAD src/LUFA/LUFA/Drivers/USB/Class/Host/RNDISClassHost.o
LOAD src/LUFA/LUFA/Drivers/USB/Class/Host/StillImageClassHost.o
LOAD src/LUFA/LUFA/Drivers/USB/Core/AVR8/Device_AVR8.o
LOAD src/LUFA/LUFA/Drivers/USB/Core/AVR8/EndpointStream_AVR8.o
LOAD src/LUFA/LUFA/Drivers/USB/Core/AVR8/Endpoint_AVR8.o
LOAD src/LUFA/LUFA/Drivers/USB/Core/AVR8/Host_AVR8.o
LOAD src/LUFA/LUFA/Drivers/USB/Core/AVR8/PipeStream_AVR8.o
LOAD src/LUFA/LUFA/Drivers/USB/Core/AVR8/Pipe_AVR8.o
LOAD src/LUFA/LUFA/Drivers/USB/Core/AVR8/Template/Template_Endpoint_Control_R.o
LOAD src/LUFA/LUFA/Drivers/USB/Core/AVR8/Template/Template_Endpoint_Control_W.o
LOAD src/LUFA/LUFA/Drivers/USB/Core/AVR8/Template/Template_Endpoint_RW.o
LOAD src/LUFA/LUFA/Drivers/USB/Core/AVR8/Template/Template_Pipe_RW.o
LOAD src/LUFA/LUFA/Drivers/USB/Core/AVR8/USBController_AVR8.o
LOAD src/LUFA/LUFA/Drivers/USB/Core/AVR8/USBInterrupt_AVR8.o
LOAD src/LUFA/LUFA/Drivers/USB/Core/ConfigDescriptors.o
LOAD src/LUFA/LUFA/Drivers/USB/Core/DeviceStandardReq.o
LOAD src/LUFA/LUFA/Drivers/USB/Core/Events.o
LOAD src/LUFA/LUFA/Drivers/USB/Core/HostStandardReq.o
LOAD src/LUFA/LUFA/Drivers/USB/Core/USBTask.o
LOAD USBtoSerial.o
START GROUP
LOAD c:/program files (x86)/atmel/studio/7.0/toolchain/avr8/avr8-gnu-toolchain/bin/../lib/gcc/avr/5.4.0/../../../../avr/lib/avr35\libm.a
END GROUP
START GROUP
LOAD c:/program files (x86)/atmel/studio/7.0/toolchain/avr8/avr8-gnu-toolchain/bin/../lib/gcc/avr/5.4.0/avr35\libgcc.a
LOAD c:/program files (x86)/atmel/studio/7.0/toolchain/avr8/avr8-gnu-toolchain/bin/../lib/gcc/avr/5.4.0/../../../../avr/lib/avr35\libm.a
LOAD c:/program files (x86)/atmel/studio/7.0/toolchain/avr8/avr8-gnu-toolchain/bin/../lib/gcc/avr/5.4.0/../../../../avr/lib/avr35\libc.a
LOAD C:/Program Files (x86)/Atmel/Studio/7.0/Packs/atmel/ATmega_DFP/1.2.132/gcc/dev/atmega16u2/avr35\libatmega16u2.a
END GROUP
                0x00010000                __TEXT_REGION_LENGTH__ = DEFINED (__TEXT_REGION_LENGTH__)?__TEXT_REGION_LENGTH__:0x10000
                0x0000ffa0                __DATA_REGION_LENGTH__ = DEFINED (__DATA_REGION_LENGTH__)?__DATA_REGION_LENGTH__:0xffa0
                0x00010000                __EEPROM_REGION_LENGTH__ = DEFINED (__EEPROM_REGION_LENGTH__)?__EEPROM_REGION_LENGTH__:0x10000
                [0x00000003]                __FUSE_REGION_LENGTH__ = DEFINED (__FUSE_REGION_LENGTH__)?__FUSE_REGION_LENGTH__:0x400
                0x00000400                __LOCK_REGION_LENGTH__ = DEFINED (__LOCK_REGION_LENGTH__)?__LOCK_REGION_LENGTH__:0x400
                0x00000400                __SIGNATURE_REGION_LENGTH__ = DEFINED (__SIGNATURE_REGION_LENGTH__)?__SIGNATURE_REGION_LENGTH__:0x400
                0x00000400                __USER_SIGNATURE_REGION_LENGTH__ = DEFINED (__USER_SIGNATURE_REGION_LENGTH__)?__USER_SIGNATURE_REGION_LENGTH__:0x400

.hash
 *(.hash)

.dynsym
 *(.dynsym)

.dynstr
 *(.dynstr)

.gnu.version
 *(.gnu.version)

.gnu.version_d
 *(.gnu.version_d)

.gnu.version_r
 *(.gnu.version_r)

.rel.init
 *(.rel.init)

.rela.init
 *(.rela.init)

.rel.text
 *(.rel.text)
 *(.rel.text.*)
 *(.rel.gnu.linkonce.t*)

.rela.text
 *(.rela.text)
 *(.rela.text.*)
 *(.rela.gnu.linkonce.t*)

.rel.fini
 *(.rel.fini)

.rela.fini
 *(.rela.fini)

.rel.rodata
 *(.rel.rodata)
 *(.rel.rodata.*)
 *(.rel.gnu.linkonce.r*)

.rela.rodata
 *(.rela.rodata)
 *(.rela.rodata.*)
 *(.rela.gnu.linkonce.r*)

.rel.data
 *(.rel.data)
 *(.rel.data.*)
 *(.rel.gnu.linkonce.d*)

.rela.data
 *(.rela.data)
 *(.rela.data.*)
 *(.rela.gnu.linkonce.d*)

.rel.ctors
 *(.rel.ctors)

.rela.ctors
 *(.rela.ctors)

.rel.dtors
 *(.rel.dtors)

.rela.dtors
 *(.rela.dtors)

.rel.got
 *(.rel.got)

.rela.got
 *(.rela.got)

.rel.bss
 *(.rel.bss)

.rela.bss
 *(.rela.bss)

.rel.plt
 *(.rel.plt)

.rela.plt
 *(.rela.plt)

.text           0x00000000     0x11fe
 *(.vectors)
 .vectors       0x00000000       0x74 C:/Program Files (x86)/Atmel/Studio/7.0/Packs/atmel/ATmega_DFP/1.2.132/gcc/dev/atmega16u2/avr35/crtatmega16u2.o
                0x00000000                __vector_default
                0x00000000                __vectors
 *(.vectors)
 *(.progmem.gcc*)
                0x00000074                . = ALIGN (0x2)
                0x00000074                __trampolines_start = .
 *(.trampolines)
 .trampolines   0x00000074        0x0 linker stubs
 *(.trampolines*)
                0x00000074                __trampolines_end = .
 *libprintf_flt.a:*(.progmem.data)
 *libc.a:*(.progmem.data)
 *(.progmem*)
 .progmem.data.ProductString
                0x00000074       0x34 Descriptors.o
                0x00000074                ProductString
 .progmem.data.ManufacturerString
                0x000000a8       0x22 Descriptors.o
                0x000000a8                ManufacturerString
 .progmem.data.LanguageString
                0x000000ca        0x4 Descriptors.o
                0x000000ca                LanguageString
 .progmem.data.ConfigurationDescriptor
                0x000000ce       0x3e Descriptors.o
                0x000000ce                ConfigurationDescriptor
 .progmem.data.DeviceDescriptor
                0x0000010c       0x12 Descriptors.o
                0x0000010c                DeviceDescriptor
                0x0000011e                . = ALIGN (0x2)
 *(.jumptables)
 *(.jumptables*)
 *(.lowtext)
 *(.lowtext*)
                0x0000011e                __ctors_start = .
 *(.ctors)
                0x0000011e                __ctors_end = .
                0x0000011e                __dtors_start = .
 *(.dtors)
                0x0000011e                __dtors_end = .
 SORT(*)(.ctors)
 SORT(*)(.dtors)
 *(.init0)
 .init0         0x0000011e        0x0 C:/Program Files (x86)/Atmel/Studio/7.0/Packs/atmel/ATmega_DFP/1.2.132/gcc/dev/atmega16u2/avr35/crtatmega16u2.o
                0x0000011e                __init
 *(.init0)
 *(.init1)
 *(.init1)
 *(.init2)
 .init2         0x0000011e        0xc C:/Program Files (x86)/Atmel/Studio/7.0/Packs/atmel/ATmega_DFP/1.2.132/gcc/dev/atmega16u2/avr35/crtatmega16u2.o
 *(.init2)
 *(.init3)
 *(.init3)
 *(.init4)
 .init4         0x0000012a       0x16 c:/program files (x86)/atmel/studio/7.0/toolchain/avr8/avr8-gnu-toolchain/bin/../lib/gcc/avr/5.4.0/avr35\libgcc.a(_copy_data.o)
                0x0000012a                __do_copy_data
 .init4         0x00000140       0x10 c:/program files (x86)/atmel/studio/7.0/toolchain/avr8/avr8-gnu-toolchain/bin/../lib/gcc/avr/5.4.0/avr35\libgcc.a(_clear_bss.o)
                0x00000140                __do_clear_bss
 *(.init4)
 *(.init5)
 *(.init5)
 *(.init6)
 *(.init6)
 *(.init7)
 *(.init7)
 *(.init8)
 *(.init8)
 *(.init9)
 .init9         0x00000150        0x6 C:/Program Files (x86)/Atmel/Studio/7.0/Packs/atmel/ATmega_DFP/1.2.132/gcc/dev/atmega16u2/avr35/crtatmega16u2.o
 *(.init9)
 *(.text)
 .text          0x00000156        0x2 C:/Program Files (x86)/Atmel/Studio/7.0/Packs/atmel/ATmega_DFP/1.2.132/gcc/dev/atmega16u2/avr35/crtatmega16u2.o
                0x00000156                __vector_22
                0x00000156                __vector_28
                0x00000156                __vector_1
                0x00000156                __vector_24
                0x00000156                __bad_interrupt
                0x00000156                __vector_6
                0x00000156                __vector_3
                0x00000156                __vector_25
                0x00000156                __vector_13
                0x00000156                __vector_17
                0x00000156                __vector_19
                0x00000156                __vector_7
                0x00000156                __vector_27
                0x00000156                __vector_5
                0x00000156                __vector_4
                0x00000156                __vector_9
                0x00000156                __vector_2
                0x00000156                __vector_21
                0x00000156                __vector_15
                0x00000156                __vector_8
                0x00000156                __vector_26
                0x00000156                __vector_14
                0x00000156                __vector_10
                0x00000156                __vector_16
                0x00000156                __vector_18
                0x00000156                __vector_20
                0x00000158                . = ALIGN (0x2)
 *(.text.*)
 .text.CALLBACK_USB_GetDescriptor
                0x00000158       0x78 Descriptors.o
                0x00000158                CALLBACK_USB_GetDescriptor
 .text.CDC_Device_ConfigureEndpoints
                0x000001d0       0x44 src/LUFA/LUFA/Drivers/USB/Class/Device/CDCClassDevice.o
                0x000001d0                CDC_Device_ConfigureEndpoints
 .text.CDC_Device_SendByte
                0x00000214       0x4e src/LUFA/LUFA/Drivers/USB/Class/Device/CDCClassDevice.o
                0x00000214                CDC_Device_SendByte
 .text.CDC_Device_Flush
                0x00000262       0x56 src/LUFA/LUFA/Drivers/USB/Class/Device/CDCClassDevice.o
                0x00000262                CDC_Device_Flush
 .text.CDC_Device_USBTask
                0x000002b8       0x2e src/LUFA/LUFA/Drivers/USB/Class/Device/CDCClassDevice.o
                0x000002b8                CDC_Device_USBTask
 .text.CDC_Device_ReceiveByte
                0x000002e6       0x6c src/LUFA/LUFA/Drivers/USB/Class/Device/CDCClassDevice.o
                0x000002e6                CDC_Device_ReceiveByte
 .text.CDC_Device_Event_Stub
                0x00000352        0x2 src/LUFA/LUFA/Drivers/USB/Class/Device/CDCClassDevice.o
                0x00000352                EVENT_CDC_Device_BreakSent
                0x00000352                CDC_Device_Event_Stub
                0x00000352                EVENT_CDC_Device_ControLineStateChanged
 .text.CDC_Device_ProcessControlRequest
                0x00000354      0x152 src/LUFA/LUFA/Drivers/USB/Class/Device/CDCClassDevice.o
                0x00000354                CDC_Device_ProcessControlRequest
 .text.Endpoint_Write_Control_Stream_LE
                0x000004a6       0xee src/LUFA/LUFA/Drivers/USB/Core/AVR8/EndpointStream_AVR8.o
                0x000004a6                Endpoint_Write_Control_Stream_LE
 .text.Endpoint_Write_Control_PStream_LE
                0x00000594       0xf4 src/LUFA/LUFA/Drivers/USB/Core/AVR8/EndpointStream_AVR8.o
                0x00000594                Endpoint_Write_Control_PStream_LE
 .text.Endpoint_ConfigureEndpoint_Prv
                0x00000688       0xcc src/LUFA/LUFA/Drivers/USB/Core/AVR8/Endpoint_AVR8.o
                0x00000688                Endpoint_ConfigureEndpoint_Prv
 .text.Endpoint_ConfigureEndpointTable
                0x00000754       0x9e src/LUFA/LUFA/Drivers/USB/Core/AVR8/Endpoint_AVR8.o
                0x00000754                Endpoint_ConfigureEndpointTable
 .text.Endpoint_ClearStatusStage
                0x000007f2       0x44 src/LUFA/LUFA/Drivers/USB/Core/AVR8/Endpoint_AVR8.o
                0x000007f2                Endpoint_ClearStatusStage
 .text.Endpoint_WaitUntilReady
                0x00000836       0x80 src/LUFA/LUFA/Drivers/USB/Core/AVR8/Endpoint_AVR8.o
                0x00000836                Endpoint_WaitUntilReady
 .text.USB_ResetInterface
                0x000008b6       0x64 src/LUFA/LUFA/Drivers/USB/Core/AVR8/USBController_AVR8.o
                0x000008b6                USB_ResetInterface
 .text.USB_Init
                0x0000091a       0x14 src/LUFA/LUFA/Drivers/USB/Core/AVR8/USBController_AVR8.o
                0x0000091a                USB_Init
 .text.USB_INT_DisableAllInterrupts
                0x0000092e        0x6 src/LUFA/LUFA/Drivers/USB/Core/AVR8/USBInterrupt_AVR8.o
                0x0000092e                USB_INT_DisableAllInterrupts
 .text.USB_INT_ClearAllInterrupts
                0x00000934        0x6 src/LUFA/LUFA/Drivers/USB/Core/AVR8/USBInterrupt_AVR8.o
                0x00000934                USB_INT_ClearAllInterrupts
 .text.__vector_11
                0x0000093a      0x13e src/LUFA/LUFA/Drivers/USB/Core/AVR8/USBInterrupt_AVR8.o
                0x0000093a                __vector_11
 .text.__vector_12
                0x00000a78       0xa0 src/LUFA/LUFA/Drivers/USB/Core/AVR8/USBInterrupt_AVR8.o
                0x00000a78                __vector_12
 .text.USB_Device_ProcessControlRequest
                0x00000b18      0x2ea src/LUFA/LUFA/Drivers/USB/Core/DeviceStandardReq.o
                0x00000b18                USB_Device_ProcessControlRequest
 .text.USB_Event_Stub
                0x00000e02        0x2 src/LUFA/LUFA/Drivers/USB/Core/Events.o
                0x00000e02                USB_Event_Stub
                0x00000e02                EVENT_USB_Device_Suspend
                0x00000e02                EVENT_USB_Device_StartOfFrame
                0x00000e02                EVENT_USB_Device_Reset
                0x00000e02                EVENT_USB_Device_WakeUp
 .text.USB_USBTask
                0x00000e04       0x32 src/LUFA/LUFA/Drivers/USB/Core/USBTask.o
                0x00000e04                USB_USBTask
 .text.SetupHardware
                0x00000e36       0x3a USBtoSerial.o
                0x00000e36                SetupHardware
 .text.main     0x00000e70      0x1ca USBtoSerial.o
                0x00000e70                main
 .text.EVENT_USB_Device_Connect
                0x0000103a        0x4 USBtoSerial.o
                0x0000103a                EVENT_USB_Device_Connect
 .text.EVENT_USB_Device_Disconnect
                0x0000103e        0x4 USBtoSerial.o
                0x0000103e                EVENT_USB_Device_Disconnect
 .text.EVENT_USB_Device_ConfigurationChanged
                0x00001042        0xa USBtoSerial.o
                0x00001042                EVENT_USB_Device_ConfigurationChanged
 .text.EVENT_USB_Device_ControlRequest
                0x0000104c        0x8 USBtoSerial.o
                0x0000104c                EVENT_USB_Device_ControlRequest
 .text.__vector_23
                0x00001054       0x92 USBtoSerial.o
                0x00001054                __vector_23
 .text.EVENT_CDC_Device_LineEncodingChanged
                0x000010e6       0xd0 USBtoSerial.o
                0x000010e6                EVENT_CDC_Device_LineEncodingChanged
 .text.libgcc.div
                0x000011b6       0x44 c:/program files (x86)/atmel/studio/7.0/toolchain/avr8/avr8-gnu-toolchain/bin/../lib/gcc/avr/5.4.0/avr35\libgcc.a(_udivmodsi4.o)
                0x000011b6                __udivmodsi4
                0x000011fa                . = ALIGN (0x2)
 *(.fini9)
 .fini9         0x000011fa        0x0 c:/program files (x86)/atmel/studio/7.0/toolchain/avr8/avr8-gnu-toolchain/bin/../lib/gcc/avr/5.4.0/avr35\libgcc.a(_exit.o)
                0x000011fa                _exit
                0x000011fa                exit
 *(.fini9)
 *(.fini8)
 *(.fini8)
 *(.fini7)
 *(.fini7)
 *(.fini6)
 *(.fini6)
 *(.fini5)
 *(.fini5)
 *(.fini4)
 *(.fini4)
 *(.fini3)
 *(.fini3)
 *(.fini2)
 *(.fini2)
 *(.fini1)
 *(.fini1)
 *(.fini0)
 .fini0         0x000011fa        0x4 c:/program files (x86)/atmel/studio/7.0/toolchain/avr8/avr8-gnu-toolchain/bin/../lib/gcc/avr/5.4.0/avr35\libgcc.a(_exit.o)
 *(.fini0)
                0x000011fe                _etext = .

.data           0x00800100       0x1c load address 0x000011fe
                0x00800100                PROVIDE (__data_start, .)
 *(.data)
 *(.data*)
 .data.VirtualSerial_CDC_Interface
                0x00800100       0x1b USBtoSerial.o
                0x00800100                VirtualSerial_CDC_Interface
 *(.rodata)
 *(.rodata*)
 *(.gnu.linkonce.d*)
                0x0080011c                . = ALIGN (0x2)
 *fill*         0x0080011b        0x1 
                0x0080011c                _edata = .
                0x0080011c                PROVIDE (__data_end, .)

.bss            0x0080011c      0x124
                0x0080011c                PROVIDE (__bss_start, .)
 *(.bss)
 *(.bss*)
 .bss.USARTtoUSB_Buffer_Data
                0x0080011c       0x80 USBtoSerial.o
 .bss.USARTtoUSB_Buffer
                0x0080019c        0xc USBtoSerial.o
 .bss.USBtoUSART_Buffer_Data
                0x008001a8       0x80 USBtoSerial.o
 .bss.USBtoUSART_Buffer
                0x00800228        0xc USBtoSerial.o
 *(COMMON)
 COMMON         0x00800234        0x3 src/LUFA/LUFA/Drivers/USB/Core/DeviceStandardReq.o
                0x00800234                USB_Device_ConfigurationNumber
                0x00800235                USB_Device_CurrentlySelfPowered
                0x00800236                USB_Device_RemoteWakeupEnabled
 COMMON         0x00800237        0x9 src/LUFA/LUFA/Drivers/USB/Core/USBTask.o
                0x00800237                USB_IsInitialized
                0x00800238                USB_ControlRequest
                0x00800240                PROVIDE (__bss_end, .)
                0x000011fe                __data_load_start = LOADADDR (.data)
                0x0000121a                __data_load_end = (__data_load_start + SIZEOF (.data))

.noinit         0x00800240        0x0
                [!provide]                PROVIDE (__noinit_start, .)
 *(.noinit*)
                [!provide]                PROVIDE (__noinit_end, .)
                0x00800240                _end = .
                [!provide]                PROVIDE (__heap_start, .)

.eeprom         0x00810000        0x0
 *(.eeprom*)
                0x00810000                __eeprom_end = .

.fuse
 *(.fuse)
 *(.lfuse)
 *(.hfuse)
 *(.efuse)

.lock
 *(.lock*)

.signature
 *(.signature*)

.user_signatures
 *(.user_signatures*)

.stab
 *(.stab)

.stabstr
 *(.stabstr)

.stab.excl
 *(.stab.excl)

.stab.exclstr
 *(.stab.exclstr)

.stab.index
 *(.stab.index)

.stab.indexstr
 *(.stab.indexstr)

.comment        0x00000000       0x30
 *(.comment)
 .comment       0x00000000       0x30 Descriptors.o
                                 0x31 (size before relaxing)
 .comment       0x00000030       0x31 src/LUFA/LUFA/Drivers/USB/Class/Device/CDCClassDevice.o
 .comment       0x00000030       0x31 src/LUFA/LUFA/Drivers/USB/Core/AVR8/EndpointStream_AVR8.o
 .comment       0x00000030       0x31 src/LUFA/LUFA/Drivers/USB/Core/AVR8/Endpoint_AVR8.o
 .comment       0x00000030       0x31 src/LUFA/LUFA/Drivers/USB/Core/AVR8/USBController_AVR8.o
 .comment       0x00000030       0x31 src/LUFA/LUFA/Drivers/USB/Core/AVR8/USBInterrupt_AVR8.o
 .comment       0x00000030       0x31 src/LUFA/LUFA/Drivers/USB/Core/DeviceStandardReq.o
 .comment       0x00000030       0x31 src/LUFA/LUFA/Drivers/USB/Core/Events.o
 .comment       0x00000030       0x31 src/LUFA/LUFA/Drivers/USB/Core/USBTask.o
 .comment       0x00000030       0x31 USBtoSerial.o

.note.gnu.avr.deviceinfo
                0x00000000       0x40
 .note.gnu.avr.deviceinfo
                0x00000000       0x40 C:/Program Files (x86)/Atmel/Studio/7.0/Packs/atmel/ATmega_DFP/1.2.132/gcc/dev/atmega16u2/avr35/crtatmega16u2.o

.note.gnu.build-id
 *(.note.gnu.build-id)

.debug
 *(.debug)

.line
 *(.line)

.debug_srcinfo
 *(.debug_srcinfo)

.debug_sfnames
 *(.debug_sfnames)

.debug_aranges  0x00000000      0x2f0
 *(.debug_aranges)
 .debug_aranges
                0x00000000       0x20 Descriptors.o
 .debug_aranges
                0x00000020       0xa8 src/LUFA/LUFA/Drivers/USB/Class/Device/CDCClassDevice.o
 .debug_aranges
                0x000000c8       0xc8 src/LUFA/LUFA/Drivers/USB/Core/AVR8/EndpointStream_AVR8.o
 .debug_aranges
                0x00000190       0x40 src/LUFA/LUFA/Drivers/USB/Core/AVR8/Endpoint_AVR8.o
 .debug_aranges
                0x000001d0       0x30 src/LUFA/LUFA/Drivers/USB/Core/AVR8/USBController_AVR8.o
 .debug_aranges
                0x00000200       0x38 src/LUFA/LUFA/Drivers/USB/Core/AVR8/USBInterrupt_AVR8.o
 .debug_aranges
                0x00000238       0x20 src/LUFA/LUFA/Drivers/USB/Core/DeviceStandardReq.o
 .debug_aranges
                0x00000258       0x20 src/LUFA/LUFA/Drivers/USB/Core/Events.o
 .debug_aranges
                0x00000278       0x20 src/LUFA/LUFA/Drivers/USB/Core/USBTask.o
 .debug_aranges
                0x00000298       0x58 USBtoSerial.o

.debug_pubnames
 *(.debug_pubnames)

.debug_info     0x00000000     0x646b
 *(.debug_info .gnu.linkonce.wi.*)
 .debug_info    0x00000000      0x6ba C:/Program Files (x86)/Atmel/Studio/7.0/Packs/atmel/ATmega_DFP/1.2.132/gcc/dev/atmega16u2/avr35/crtatmega16u2.o
 .debug_info    0x000006ba      0x798 Descriptors.o
 .debug_info    0x00000e52     0x1069 src/LUFA/LUFA/Drivers/USB/Class/Device/CDCClassDevice.o
 .debug_info    0x00001ebb     0x17a3 src/LUFA/LUFA/Drivers/USB/Core/AVR8/EndpointStream_AVR8.o
 .debug_info    0x0000365e      0x60a src/LUFA/LUFA/Drivers/USB/Core/AVR8/Endpoint_AVR8.o
 .debug_info    0x00003c68      0x474 src/LUFA/LUFA/Drivers/USB/Core/AVR8/USBController_AVR8.o
 .debug_info    0x000040dc      0x714 src/LUFA/LUFA/Drivers/USB/Core/AVR8/USBInterrupt_AVR8.o
 .debug_info    0x000047f0      0xa6f src/LUFA/LUFA/Drivers/USB/Core/DeviceStandardReq.o
 .debug_info    0x0000525f       0x7c src/LUFA/LUFA/Drivers/USB/Core/Events.o
 .debug_info    0x000052db      0x25f src/LUFA/LUFA/Drivers/USB/Core/USBTask.o
 .debug_info    0x0000553a      0xf31 USBtoSerial.o

.debug_abbrev   0x00000000     0x1b46
 *(.debug_abbrev)
 .debug_abbrev  0x00000000      0x65d C:/Program Files (x86)/Atmel/Studio/7.0/Packs/atmel/ATmega_DFP/1.2.132/gcc/dev/atmega16u2/avr35/crtatmega16u2.o
 .debug_abbrev  0x0000065d      0x13b Descriptors.o
 .debug_abbrev  0x00000798      0x439 src/LUFA/LUFA/Drivers/USB/Class/Device/CDCClassDevice.o
 .debug_abbrev  0x00000bd1      0x1e6 src/LUFA/LUFA/Drivers/USB/Core/AVR8/EndpointStream_AVR8.o
 .debug_abbrev  0x00000db7      0x22f src/LUFA/LUFA/Drivers/USB/Core/AVR8/Endpoint_AVR8.o
 .debug_abbrev  0x00000fe6      0x17d src/LUFA/LUFA/Drivers/USB/Core/AVR8/USBController_AVR8.o
 .debug_abbrev  0x00001163      0x20f src/LUFA/LUFA/Drivers/USB/Core/AVR8/USBInterrupt_AVR8.o
 .debug_abbrev  0x00001372      0x2a9 src/LUFA/LUFA/Drivers/USB/Core/DeviceStandardReq.o
 .debug_abbrev  0x0000161b       0x47 src/LUFA/LUFA/Drivers/USB/Core/Events.o
 .debug_abbrev  0x00001662      0x16e src/LUFA/LUFA/Drivers/USB/Core/USBTask.o
 .debug_abbrev  0x000017d0      0x376 USBtoSerial.o

.debug_line     0x00000000     0x8e6f
 *(.debug_line .debug_line.* .debug_line_end)
 .debug_line    0x00000000      0x145 C:/Program Files (x86)/Atmel/Studio/7.0/Packs/atmel/ATmega_DFP/1.2.132/gcc/dev/atmega16u2/avr35/crtatmega16u2.o
 .debug_line    0x00000145      0xcc6 Descriptors.o
 .debug_line    0x00000e0b     0x1597 src/LUFA/LUFA/Drivers/USB/Class/Device/CDCClassDevice.o
 .debug_line    0x000023a2     0x1e68 src/LUFA/LUFA/Drivers/USB/Core/AVR8/EndpointStream_AVR8.o
 .debug_line    0x0000420a      0xc5e src/LUFA/LUFA/Drivers/USB/Core/AVR8/Endpoint_AVR8.o
 .debug_line    0x00004e68      0x8ae src/LUFA/LUFA/Drivers/USB/Core/AVR8/USBController_AVR8.o
 .debug_line    0x00005716      0xaea src/LUFA/LUFA/Drivers/USB/Core/AVR8/USBInterrupt_AVR8.o
 .debug_line    0x00006200      0xaa1 src/LUFA/LUFA/Drivers/USB/Core/DeviceStandardReq.o
 .debug_line    0x00006ca1      0x47a src/LUFA/LUFA/Drivers/USB/Core/Events.o
 .debug_line    0x0000711b      0x7fa src/LUFA/LUFA/Drivers/USB/Core/USBTask.o
 .debug_line    0x00007915     0x155a USBtoSerial.o

.debug_frame    0x00000000      0xb04
 *(.debug_frame)
 .debug_frame   0x00000000       0x24 Descriptors.o
 .debug_frame   0x00000024      0x188 src/LUFA/LUFA/Drivers/USB/Class/Device/CDCClassDevice.o
 .debug_frame   0x000001ac      0x5b4 src/LUFA/LUFA/Drivers/USB/Core/AVR8/EndpointStream_AVR8.o
 .debug_frame   0x00000760       0xdc src/LUFA/LUFA/Drivers/USB/Core/AVR8/Endpoint_AVR8.o
 .debug_frame   0x0000083c       0x44 src/LUFA/LUFA/Drivers/USB/Core/AVR8/USBController_AVR8.o
 .debug_frame   0x00000880      0x100 src/LUFA/LUFA/Drivers/USB/Core/AVR8/USBInterrupt_AVR8.o
 .debug_frame   0x00000980       0x40 src/LUFA/LUFA/Drivers/USB/Core/DeviceStandardReq.o
 .debug_frame   0x000009c0       0x24 src/LUFA/LUFA/Drivers/USB/Core/Events.o
 .debug_frame   0x000009e4       0x2c src/LUFA/LUFA/Drivers/USB/Core/USBTask.o
 .debug_frame   0x00000a10       0xf4 USBtoSerial.o

.debug_str      0x00000000    0x15a9e
 *(.debug_str)
 .debug_str     0x00000000      0x262 C:/Program Files (x86)/Atmel/Studio/7.0/Packs/atmel/ATmega_DFP/1.2.132/gcc/dev/atmega16u2/avr35/crtatmega16u2.o
 .debug_str     0x00000262    0x12a6c Descriptors.o
                              0x12d3a (size before relaxing)
 .debug_str     0x00012cce      0xa3f src/LUFA/LUFA/Drivers/USB/Class/Device/CDCClassDevice.o
                              0x12dcf (size before relaxing)
 .debug_str     0x0001370d      0x8ac src/LUFA/LUFA/Drivers/USB/Core/AVR8/EndpointStream_AVR8.o
                               0xcf3a (size before relaxing)
 .debug_str     0x00013fb9      0x1c6 src/LUFA/LUFA/Drivers/USB/Core/AVR8/Endpoint_AVR8.o
                               0xc5e9 (size before relaxing)
 .debug_str     0x0001417f      0x284 src/LUFA/LUFA/Drivers/USB/Core/AVR8/USBController_AVR8.o
                               0xc520 (size before relaxing)
 .debug_str     0x00014403      0x182 src/LUFA/LUFA/Drivers/USB/Core/AVR8/USBInterrupt_AVR8.o
                               0xc554 (size before relaxing)
 .debug_str     0x00014585      0x475 src/LUFA/LUFA/Drivers/USB/Core/DeviceStandardReq.o
                               0xc9ba (size before relaxing)
 .debug_str     0x000149fa       0x53 src/LUFA/LUFA/Drivers/USB/Core/Events.o
                               0xb77f (size before relaxing)
 .debug_str     0x00014a4d       0x62 src/LUFA/LUFA/Drivers/USB/Core/USBTask.o
                               0xc368 (size before relaxing)
 .debug_str     0x00014aaf      0xfef USBtoSerial.o
                              0x13a01 (size before relaxing)

.debug_loc      0x00000000     0x46fe
 *(.debug_loc)
 .debug_loc     0x00000000      0x226 Descriptors.o
 .debug_loc     0x00000226      0xa69 src/LUFA/LUFA/Drivers/USB/Class/Device/CDCClassDevice.o
 .debug_loc     0x00000c8f     0x2877 src/LUFA/LUFA/Drivers/USB/Core/AVR8/EndpointStream_AVR8.o
 .debug_loc     0x00003506      0x593 src/LUFA/LUFA/Drivers/USB/Core/AVR8/Endpoint_AVR8.o
 .debug_loc     0x00003a99       0x78 src/LUFA/LUFA/Drivers/USB/Core/AVR8/USBController_AVR8.o
 .debug_loc     0x00003b11      0x3ec src/LUFA/LUFA/Drivers/USB/Core/AVR8/USBInterrupt_AVR8.o
 .debug_loc     0x00003efd      0x356 src/LUFA/LUFA/Drivers/USB/Core/DeviceStandardReq.o
 .debug_loc     0x00004253       0x49 src/LUFA/LUFA/Drivers/USB/Core/USBTask.o
 .debug_loc     0x0000429c      0x462 USBtoSerial.o

.debug_macinfo
 *(.debug_macinfo)

.debug_weaknames
 *(.debug_weaknames)

.debug_funcnames
 *(.debug_funcnames)

.debug_typenames
 *(.debug_typenames)

.debug_varnames
 *(.debug_varnames)

.debug_pubtypes
 *(.debug_pubtypes)

.debug_ranges   0x00000000      0xd40
 *(.debug_ranges)
 .debug_ranges  0x00000000       0x10 Descriptors.o
 .debug_ranges  0x00000010       0x98 src/LUFA/LUFA/Drivers/USB/Class/Device/CDCClassDevice.o
 .debug_ranges  0x000000a8      0x928 src/LUFA/LUFA/Drivers/USB/Core/AVR8/EndpointStream_AVR8.o
 .debug_ranges  0x000009d0      0x190 src/LUFA/LUFA/Drivers/USB/Core/AVR8/Endpoint_AVR8.o
 .debug_ranges  0x00000b60       0x20 src/LUFA/LUFA/Drivers/USB/Core/AVR8/USBController_AVR8.o
 .debug_ranges  0x00000b80       0x28 src/LUFA/LUFA/Drivers/USB/Core/AVR8/USBInterrupt_AVR8.o
 .debug_ranges  0x00000ba8       0x58 src/LUFA/LUFA/Drivers/USB/Core/DeviceStandardReq.o
 .debug_ranges  0x00000c00       0x10 src/LUFA/LUFA/Drivers/USB/Core/Events.o
 .debug_ranges  0x00000c10       0x10 src/LUFA/LUFA/Drivers/USB/Core/USBTask.o
 .debug_ranges  0x00000c20      0x120 USBtoSerial.o

.debug_macro    0x00000000     0x6979
 *(.debug_macro)
 .debug_macro   0x00000000      0x437 Descriptors.o
 .debug_macro   0x00000437      0xa60 Descriptors.o
 .debug_macro   0x00000e97       0x10 Descriptors.o
 .debug_macro   0x00000ea7      0x1c9 Descriptors.o
 .debug_macro   0x00001070      0x2fc Descriptors.o
 .debug_macro   0x0000136c       0x89 Descriptors.o
 .debug_macro   0x000013f5       0xaa Descriptors.o
 .debug_macro   0x0000149f     0x1601 Descriptors.o
 .debug_macro   0x00002aa0      0x13a Descriptors.o
 .debug_macro   0x00002bda       0xcb Descriptors.o
 .debug_macro   0x00002ca5       0x34 Descriptors.o
 .debug_macro   0x00002cd9       0x18 Descriptors.o
 .debug_macro   0x00002cf1       0x6c Descriptors.o
 .debug_macro   0x00002d5d       0xee Descriptors.o
 .debug_macro   0x00002e4b       0x12 Descriptors.o
 .debug_macro   0x00002e5d       0x10 Descriptors.o
 .debug_macro   0x00002e6d       0x22 Descriptors.o
 .debug_macro   0x00002e8f       0x16 Descriptors.o
 .debug_macro   0x00002ea5       0x20 Descriptors.o
 .debug_macro   0x00002ec5       0xf6 Descriptors.o
 .debug_macro   0x00002fbb       0x22 Descriptors.o
 .debug_macro   0x00002fdd      0x1a7 Descriptors.o
 .debug_macro   0x00003184       0x2f Descriptors.o
 .debug_macro   0x000031b3       0x1c Descriptors.o
 .debug_macro   0x000031cf       0x68 Descriptors.o
 .debug_macro   0x00003237       0x34 Descriptors.o
 .debug_macro   0x0000326b       0x69 Descriptors.o
 .debug_macro   0x000032d4       0x33 Descriptors.o
 .debug_macro   0x00003307      0x10c Descriptors.o
 .debug_macro   0x00003413      0x160 Descriptors.o
 .debug_macro   0x00003573      0x160 Descriptors.o
 .debug_macro   0x000036d3       0x10 Descriptors.o
 .debug_macro   0x000036e3       0x1c Descriptors.o
 .debug_macro   0x000036ff       0x86 Descriptors.o
 .debug_macro   0x00003785       0x3c Descriptors.o
 .debug_macro   0x000037c1       0x19 Descriptors.o
 .debug_macro   0x000037da       0x4d Descriptors.o
 .debug_macro   0x00003827       0x73 Descriptors.o
 .debug_macro   0x0000389a       0x16 Descriptors.o
 .debug_macro   0x000038b0       0x12 Descriptors.o
 .debug_macro   0x000038c2       0x1c Descriptors.o
 .debug_macro   0x000038de       0x64 Descriptors.o
 .debug_macro   0x00003942       0x41 Descriptors.o
 .debug_macro   0x00003983       0x12 Descriptors.o
 .debug_macro   0x00003995       0x10 Descriptors.o
 .debug_macro   0x000039a5       0x1c Descriptors.o
 .debug_macro   0x000039c1       0x16 Descriptors.o
 .debug_macro   0x000039d7       0x16 Descriptors.o
 .debug_macro   0x000039ed      0x12c Descriptors.o
 .debug_macro   0x00003b19       0x16 Descriptors.o
 .debug_macro   0x00003b2f       0x46 Descriptors.o
 .debug_macro   0x00003b75       0x58 Descriptors.o
 .debug_macro   0x00003bcd       0x10 Descriptors.o
 .debug_macro   0x00003bdd       0x35 Descriptors.o
 .debug_macro   0x00003c12       0xf2 Descriptors.o
 .debug_macro   0x00003d04       0x16 Descriptors.o
 .debug_macro   0x00003d1a      0x154 Descriptors.o
 .debug_macro   0x00003e6e       0x2a Descriptors.o
 .debug_macro   0x00003e98      0x6ce Descriptors.o
 .debug_macro   0x00004566       0x16 Descriptors.o
 .debug_macro   0x0000457c      0x132 Descriptors.o
 .debug_macro   0x000046ae       0x16 Descriptors.o
 .debug_macro   0x000046c4       0x10 Descriptors.o
 .debug_macro   0x000046d4       0x6c Descriptors.o
 .debug_macro   0x00004740       0x16 Descriptors.o
 .debug_macro   0x00004756       0x1c Descriptors.o
 .debug_macro   0x00004772       0x16 Descriptors.o
 .debug_macro   0x00004788       0x10 Descriptors.o
 .debug_macro   0x00004798      0x1be Descriptors.o
 .debug_macro   0x00004956       0x16 Descriptors.o
 .debug_macro   0x0000496c       0x22 Descriptors.o
 .debug_macro   0x0000498e      0x486 src/LUFA/LUFA/Drivers/USB/Class/Device/CDCClassDevice.o
 .debug_macro   0x00004e14       0x10 src/LUFA/LUFA/Drivers/USB/Class/Device/CDCClassDevice.o
 .debug_macro   0x00004e24       0x10 src/LUFA/LUFA/Drivers/USB/Class/Device/CDCClassDevice.o
 .debug_macro   0x00004e34       0x34 src/LUFA/LUFA/Drivers/USB/Class/Device/CDCClassDevice.o
 .debug_macro   0x00004e68       0x12 src/LUFA/LUFA/Drivers/USB/Class/Device/CDCClassDevice.o
 .debug_macro   0x00004e7a       0x22 src/LUFA/LUFA/Drivers/USB/Class/Device/CDCClassDevice.o
 .debug_macro   0x00004e9c      0x60c src/LUFA/LUFA/Drivers/USB/Core/AVR8/EndpointStream_AVR8.o
 .debug_macro   0x000054a8       0x28 src/LUFA/LUFA/Drivers/USB/Core/AVR8/EndpointStream_AVR8.o
 .debug_macro   0x000054d0       0x1c src/LUFA/LUFA/Drivers/USB/Core/AVR8/EndpointStream_AVR8.o
 .debug_macro   0x000054ec       0x1c src/LUFA/LUFA/Drivers/USB/Core/AVR8/EndpointStream_AVR8.o
 .debug_macro   0x00005508      0x2a3 src/LUFA/LUFA/Drivers/USB/Core/AVR8/Endpoint_AVR8.o
 .debug_macro   0x000057ab       0x10 src/LUFA/LUFA/Drivers/USB/Core/AVR8/Endpoint_AVR8.o
 .debug_macro   0x000057bb      0x275 src/LUFA/LUFA/Drivers/USB/Core/AVR8/USBController_AVR8.o
 .debug_macro   0x00005a30       0x79 src/LUFA/LUFA/Drivers/USB/Core/AVR8/USBController_AVR8.o
 .debug_macro   0x00005aa9      0x27d src/LUFA/LUFA/Drivers/USB/Core/AVR8/USBInterrupt_AVR8.o
 .debug_macro   0x00005d26      0x27b src/LUFA/LUFA/Drivers/USB/Core/DeviceStandardReq.o
 .debug_macro   0x00005fa1      0x182 src/LUFA/LUFA/Drivers/USB/Core/Events.o
 .debug_macro   0x00006123      0x281 src/LUFA/LUFA/Drivers/USB/Core/USBTask.o
 .debug_macro   0x000063a4      0x4ec USBtoSerial.o
 .debug_macro   0x00006890       0x68 USBtoSerial.o
 .debug_macro   0x000068f8       0x65 USBtoSerial.o
 .debug_macro   0x0000695d       0x1c USBtoSerial.o
OUTPUT(Jiminy_usb2serial.elf elf32-avr)
LOAD linker stubs
